
> taran-khan-website@1.0.0 build
> next build

   Γû▓ Next.js 15.1.0

   Creating an optimized production build ...
 Γ£ô Compiled successfully
   Linting and checking validity of types ...
   Collecting page data ...
   Generating static pages (0/9) ...
   Generating static pages (2/9) 
   Generating static pages (4/9) 
   Generating static pages (6/9) 
 Γ£ô Generating static pages (9/9)
   Finalizing page optimization ...
   Collecting build traces ...

Route (app)                              Size     First Load JS
Γöî Γùï /                                    179 B           109 kB
Γö£ Γùï /_not-found                          979 B           106 kB
Γö£ Γùï /book                                142 B           106 kB
Γö£ Γùï /contact                             179 B           109 kB
Γö£ Γùï /events                              142 B           106 kB
Γö£ Γùï /reportage                           142 B           106 kB
Γöö Γùï /workshops                           179 B           109 kB
+ First Load JS shared by all            105 kB
  Γö£ chunks/4bd1b696-c2b7f96abb040ef8.js  52.9 kB
  Γö£ chunks/517-e2b92003dca3e2dd.js       50.5 kB
  Γöö other shared chunks (total)          1.97 kB


Γùï  (Static)  prerendered as static content

